********************************************************************************
*                       GENERAL UTILITY LATTICE PROGRAM                        *
*                                 Julian Gale                                  *
*                       Curtin Institute for Computation                       *
*                    School of Molecular and Life Sciences                     *
*                    Curtin University, Western Australia                      *
********************************************************************************
* Version = 5.2.0 * Last modified =  30th August 2020                          *
********************************************************************************
*  optimise     - perform optimisation run                                     *
*  conp         - constant pressure calculation                                *
*  property     - calculate properties for final geometry                      *
*  nosymmetry   - turn off symmetry after initial structure generation         *
*  full         - generate full unit cell when symmetry is removed             *
********************************************************************************
* test_gulp_file                                                               *
********************************************************************************


  Job Started  at 14:45.59  4th November   2020

  Number of CPUs =     1


  Total number of configurations input =      1

********************************************************************************
*  Input for Configuration =   1 : test_gulp_file                              *
********************************************************************************

  Formula = Fe6

  Number of irreducible atoms/shells =       6


  Total number atoms/shells =       6

  Dimensionality = 3               :  Bulk



  Cartesian lattice vectors (Angstroms) :

        9.797959    0.000000    0.000000
        0.000000    9.797959    0.000000
        0.000000    0.000000    9.797959

  Cell parameters (Angstroms/Degrees):

  a =       9.7980    alpha =  90.0000
  b =       9.7980    beta  =  90.0000
  c =       9.7980    gamma =  90.0000

  Initial cell volume =         940.604061 Angs**3

  Temperature of configuration =   0.00     K

  Pressure of configuration =         0.000 GPa

  Fractional coordinates of asymmetric unit :

--------------------------------------------------------------------------------
   No.  Atomic       x           y          z         Charge      Occupancy
        Label      (Frac)      (Frac)     (Frac)        (e)         (Frac)
--------------------------------------------------------------------------------
      1 Fe    c    0.000000    0.000000    0.000000     0.00000    1.000000
      2 Fe    c    0.166667 *  0.500000 *  0.333333 *   0.00000    1.000000
      3 Fe    c    0.333333 *  0.000000 *  0.666667 *   0.00000    1.000000
      4 Fe    c    0.500000 *  0.500000 *  0.000000 *   0.00000    1.000000
      5 Fe    c    0.666667 *  0.000000 *  0.333333 *   0.00000    1.000000
      6 Fe    c    0.833333 *  0.500000 *  0.666667 *   0.00000    1.000000
--------------------------------------------------------------------------------



********************************************************************************
*  General input information                                                   *
********************************************************************************

  Species output for all configurations :

--------------------------------------------------------------------------------
  Species    Type    Atomic    Atomic    Charge       Radii (Angs)     Library
                     Number     Mass       (e)     Cova   Ionic  VDW   Symbol
--------------------------------------------------------------------------------
    Fe       Core       26      55.85   0.000000   1.340  0.000  2.000
    Nd       Core       60       0.00   0.000000   1.810  0.000  0.000
--------------------------------------------------------------------------------


  Lattice summation method               =    Ewald          (3-D)
                                         =    Parry          (2-D)
                                         =    Saunders et al (1-D)
  Accuracy factor for lattice sums       =   12.000


  Analytic derivatives to be used

  Time limit = Infinity

  Maximum range for interatomic potentials =    100000.000000 Angstroms

  General interatomic potentials :

--------------------------------------------------------------------------------
Atom  Types   Potential      Parameter       Value         Units   Cutoffs(Ang)
  1     2                                                            Min /  Max
--------------------------------------------------------------------------------
Nd   c Nd   c Morse         Morse  De       0.31200000    eV        0.000 12.000
                            Morse  a0       0.94500000    Ang^-1
                            Morse  r0        4.0920000    Ang
--------------------------------------------------------------------------------
Fe   c Nd   c Morse         Morse  De       0.60360000    eV        0.000 12.000
                            Morse  a0        1.6458000    Ang^-1
                            Morse  r0        3.1880000    Ang
--------------------------------------------------------------------------------
Fe   c Fe   c Morse         Morse  De       0.76400000    eV        0.000 12.000
                            Morse  a0        1.5995000    Ang^-1
                            Morse  r0        2.7361000    Ang
--------------------------------------------------------------------------------

********************************************************************************
*  Output for configuration   1 : test_gulp_file                               *
********************************************************************************


  Components of energy :

--------------------------------------------------------------------------------
  Interatomic potentials     =          -0.56107539 eV
  Monopole - monopole (real) =           0.00000000 eV
  Monopole - monopole (recip)=           0.00000000 eV
  Monopole - monopole (total)=           0.00000000 eV
--------------------------------------------------------------------------------
  Total lattice energy       =          -0.56107539 eV
--------------------------------------------------------------------------------
  Total lattice energy       =             -54.1352 kJ/(mole unit cells)
--------------------------------------------------------------------------------


  Number of variables =       21

  Maximum number of calculations  =          1000
  Maximum Hessian update interval =            10
  Maximum step size               =   1.000000000
  Maximum parameter tolerance     =   0.000010000
  Maximum function  tolerance     =   0.000010000
  Maximum gradient  tolerance     =   0.001000000
  Maximum gradient  component     =   0.010000000

  Cell parameters to be optimised using strains

  Newton-Raphson optimiser to be used

  BFGS hessian update to be used

  Lower half triangular hessian to be used

  Start of bulk optimisation :

  Cycle:      0 Energy:        -0.561075  Gnorm:      0.146850  CPU:    0.397
  ** Hessian calculated **
  Cycle:      1 Energy:        -4.944151  Gnorm:      1.098991  CPU:    0.398
  ** Hessian calculated **
  Cycle:      2 Energy:        -5.515870  Gnorm:      0.303415  CPU:    0.399
  ** Hessian calculated **
  Cycle:      3 Energy:       -13.097084  Gnorm:      4.339325  CPU:    0.401
  ** Hessian calculated **
  Cycle:      4 Energy:       -13.401236  Gnorm:      5.467278  CPU:    0.403
  ** Hessian calculated **
  Cycle:      5 Energy:       -22.400444  Gnorm:      3.558967  CPU:    0.405
  Cycle:      6 Energy:       -26.075850  Gnorm:      2.069483  CPU:    0.406
  Cycle:      7 Energy:       -32.947457  Gnorm:      2.111187  CPU:    0.408
  Cycle:      8 Energy:       -35.893672  Gnorm:      1.786318  CPU:    0.410
  Cycle:      9 Energy:       -39.934132  Gnorm:      0.557481  CPU:    0.412
  Cycle:     10 Energy:       -40.028246  Gnorm:      0.456486  CPU:    0.414
  Cycle:     11 Energy:       -40.232374  Gnorm:      0.119054  CPU:    0.415
  Cycle:     12 Energy:       -40.240019  Gnorm:      0.010859  CPU:    0.417
  Cycle:     13 Energy:       -40.240179  Gnorm:      0.011683  CPU:    0.418
  Cycle:     14 Energy:       -40.240315  Gnorm:      0.008071  CPU:    0.420
  ** Hessian calculated **
  Cycle:     15 Energy:       -40.240370  Gnorm:      0.000014  CPU:    0.422

  XYZ File written as test_gulp_file.xyz



  **** Optimisation achieved ****


  Final energy =     -40.24036987 eV
  Final Gnorm  =       0.00000004

  Components of energy :

--------------------------------------------------------------------------------
  Interatomic potentials     =         -40.24036987 eV
  Monopole - monopole (real) =           0.00000000 eV
  Monopole - monopole (recip)=           0.00000000 eV
  Monopole - monopole (total)=           0.00000000 eV
--------------------------------------------------------------------------------
  Total lattice energy       =         -40.24036987 eV
--------------------------------------------------------------------------------
  Total lattice energy       =           -3882.5806 kJ/(mole unit cells)
--------------------------------------------------------------------------------

  Final fractional coordinates of atoms :

--------------------------------------------------------------------------------
   No.  Atomic        x           y          z          Radius
        Label       (Frac)      (Frac)     (Frac)       (Angs)
--------------------------------------------------------------------------------
     1  Fe    c     0.000000    0.000000    0.000000    0.000000
     2  Fe    c     0.166667    0.500000    0.333333    0.000000
     3  Fe    c     0.333333    0.000000    0.666667    0.000000
     4  Fe    c     0.500000    0.500000    0.000000    0.000000
     5  Fe    c     0.666667    1.000000    0.333333    0.000000
     6  Fe    c     0.833333    0.500000    0.666667    0.000000
--------------------------------------------------------------------------------

  Final Cartesian lattice vectors (Angstroms) :

        4.412080    0.000000    0.216008
       -0.000000    2.550366   -0.000000
       -0.305481    0.000000    6.239623


  Final cell parameters and derivatives :

--------------------------------------------------------------------------------
       a            4.417364 Angstrom     dE/de1(xx)     0.000001 eV/strain
       b            2.550366 Angstrom     dE/de2(yy)    -0.000000 eV/strain
       c            6.247096 Angstrom     dE/de3(zz)    -0.000001 eV/strain
       alpha       90.000000 Degrees      dE/de4(yz)     0.000000 eV/strain
       beta        90.000000 Degrees      dE/de5(xz)     0.000000 eV/strain
       gamma       90.000000 Degrees      dE/de6(xy)     0.000000 eV/strain
--------------------------------------------------------------------------------

  Primitive cell volume =            70.379151 Angs**3

  Density of cell =      7.906539 g/cm**3

  Non-primitive cell volume =            70.379151 Angs**3


  Final internal derivatives :

--------------------------------------------------------------------------------
   No.  Atomic          a             b             c           Radius
        Label          (eV)          (eV)          (eV)        (eV/Angs)
--------------------------------------------------------------------------------
      1 Fe    c       0.000000      0.000000      0.000000      0.000000
      2 Fe    c      -0.000000     -0.000000      0.000000      0.000000
      3 Fe    c       0.000000      0.000000     -0.000000      0.000000
      4 Fe    c      -0.000000     -0.000000     -0.000000      0.000000
      5 Fe    c      -0.000000      0.000000      0.000000      0.000000
      6 Fe    c       0.000000     -0.000000     -0.000000      0.000000
--------------------------------------------------------------------------------
  Maximum abs         0.000000      0.000000      0.000000      0.000000
--------------------------------------------------------------------------------



  Elastic Constant Matrix: (Units=GPa)

-------------------------------------------------------------------------------
  Indices      1         2         3         4         5         6
-------------------------------------------------------------------------------
       1    708.9835  218.8330  143.4983   -0.0000  -96.1910    0.0000
       2    218.8330  688.9004  163.5814    0.0000  111.9197    0.0000
       3    143.4983  163.5814  764.2351   -0.0000  -15.7286   -0.0000
       4     -0.0000    0.0000   -0.0000  163.5814   -0.0000  111.9197
       5    -96.1910  111.9197  -15.7286   -0.0000  143.4983   -0.0000
       6      0.0000    0.0000   -0.0000  111.9197   -0.0000  218.8330
-------------------------------------------------------------------------------


  Elastic Compliance Matrix: (Units=1/GPa)

-------------------------------------------------------------------------------
  Indices      1         2         3         4         5         6
-------------------------------------------------------------------------------
       1    0.002009 -0.000942 -0.000133  0.000000  0.002067 -0.000000
       2   -0.000942  0.002224 -0.000349 -0.000000 -0.002405 -0.000000
       3   -0.000133 -0.000349  0.001415 -0.000000  0.000338  0.000000
       4    0.000000 -0.000000 -0.000000  0.009404  0.000000 -0.004809
       5    0.002067 -0.002405  0.000338  0.000000  0.010267  0.000000
       6   -0.000000 -0.000000  0.000000 -0.004809  0.000000  0.007029
-------------------------------------------------------------------------------

  Mechanical properties :

-------------------------------------------------------------------------------
  Convention :                    Reuss         Voigt         Hill
-------------------------------------------------------------------------------
  Bulk  Modulus (GPa)     =     357.10495     357.10495     357.10495
  Shear Modulus (GPa)     =     138.39313     214.26297     176.32805
-------------------------------------------------------------------------------
  Velocity S-wave (km/s)  =       4.18373       5.20571       4.72245
  Velocity P-wave (km/s)  =       8.27671       9.01656       8.65455
-------------------------------------------------------------------------------
  Compressibility (1/GPa) =    0.00280030
-------------------------------------------------------------------------------
  Stress axis :                     x             y             z
-------------------------------------------------------------------------------
  Youngs Moduli (GPa)     =     497.85572     449.56621     706.68998
-------------------------------------------------------------------------------
  Poissons Ratio (x)      =                     0.42360       0.09394
  Poissons Ratio (y)      =       0.46910                     0.24641
  Poissons Ratio (z)      =       0.06618       0.15676
-------------------------------------------------------------------------------


  Piezoelectric Strain Matrix: (Units=C/m**2)

-------------------------------------------------------------------------------
  Indices      1         2         3         4         5         6
-------------------------------------------------------------------------------
       x    -0.00000  -0.00000  -0.00000  -0.00000  -0.00000  -0.00000
       y    -0.00000  -0.00000  -0.00000  -0.00000  -0.00000  -0.00000
       z    -0.00000  -0.00000  -0.00000  -0.00000  -0.00000  -0.00000
-------------------------------------------------------------------------------


  Piezoelectric Stress Matrix: (Units=10**-11 C/N)

-------------------------------------------------------------------------------
  Indices      1         2         3         4         5         6
-------------------------------------------------------------------------------
       x     0.00000   0.00000   0.00000   0.00000   0.00000   0.00000
       y     0.00000   0.00000   0.00000   0.00000   0.00000   0.00000
       z     0.00000   0.00000   0.00000   0.00000   0.00000   0.00000
-------------------------------------------------------------------------------


  Static dielectric constant tensor :

-------------------------------------------------------------------------------
              x         y         z
-------------------------------------------------------------------------------
       x     1.00000   0.00000   0.00000
       y     0.00000   1.00000   0.00000
       z     0.00000   0.00000   1.00000
--------------------------------------------------------------------------------

  Static refractive indices :

-------------------------------------------------------------------------------
    1 =    1.00000      2 =    1.00000      3 =    1.00000
-------------------------------------------------------------------------------


  Time to end of optimisation =       0.4331 seconds


  Peak dynamic memory used =       1.80 MB


  Timing analysis for GULP :

--------------------------------------------------------------------------------
  Task / Subroutine                                          Time (Seconds)
--------------------------------------------------------------------------------
  Calculation of real space energy and derivatives                0.0350
  Calculation of matrix inversion                                 0.0003
--------------------------------------------------------------------------------
  Total CPU time                                                  0.4332
--------------------------------------------------------------------------------


  Dump file written as restart
  CIF file written as test_gulp_file.cif


  Job Finished at 14:45.59  4th November   2020
